Python version: 3.12.3 (tags/v3.12.3:f6650f9, Apr  9 2024, 14:05:25) [MSC v.1938 64 bit (AMD64)]
Django version: 5.0
Invalid line: \ufeff# Django
Django settings: config.settings.test
